[debug] [2026-05-23T16:58:10.769Z] ----------------------------------------------------------------------
[debug] [2026-05-23T16:58:10.774Z] Command:       /opt/homebrew/Cellar/node/24.1.0/bin/node /opt/homebrew/bin/firebase deploy --only storage,firestore
[debug] [2026-05-23T16:58:10.774Z] CLI Version:   14.19.0
[debug] [2026-05-23T16:58:10.774Z] Platform:      darwin
[debug] [2026-05-23T16:58:10.774Z] Node Version:  v24.1.0
[debug] [2026-05-23T16:58:10.774Z] Time:          Sat May 23 2026 17:58:10 GMT+0100 (West Africa Standard Time)
[debug] [2026-05-23T16:58:10.774Z] ----------------------------------------------------------------------
[debug] 
[debug] [2026-05-23T16:58:10.775Z] >>> [apiv2][query] GET https://firebase-public.firebaseio.com/cli.json [none]
[debug] [2026-05-23T16:58:10.907Z] > command requires scopes: ["email","openid","https://www.googleapis.com/auth/cloudplatformprojects.readonly","https://www.googleapis.com/auth/firebase","https://www.googleapis.com/auth/cloud-platform"]
[debug] [2026-05-23T16:58:10.907Z] > authorizing via signed-in user (oyeniranexcellenced@gmail.com)
[debug] [2026-05-23T16:58:10.907Z] [iam] checking project foundation-os-53665 for permissions ["datastore.indexes.create","datastore.indexes.delete","datastore.indexes.list","datastore.indexes.update","firebase.projects.get","firebaserules.releases.create","firebaserules.releases.update","firebaserules.rulesets.create"]
[debug] [2026-05-23T16:58:10.907Z] Checked if tokens are valid: false, expires at: 1770125739716
[debug] [2026-05-23T16:58:10.908Z] Checked if tokens are valid: false, expires at: 1770125739716
[debug] [2026-05-23T16:58:10.908Z] > refreshing access token with scopes: []
[debug] [2026-05-23T16:58:10.909Z] >>> [apiv2][query] POST https://www.googleapis.com/oauth2/v3/token [none]
[debug] [2026-05-23T16:58:10.909Z] >>> [apiv2][body] POST https://www.googleapis.com/oauth2/v3/token [omitted]
[debug] [2026-05-23T16:58:11.433Z] <<< [apiv2][status] POST https://www.googleapis.com/oauth2/v3/token 200
[debug] [2026-05-23T16:58:11.433Z] <<< [apiv2][body] POST https://www.googleapis.com/oauth2/v3/token [omitted]
[error] Authentication Error: Your credentials are no longer valid. Please run firebase login --reauth

For CI servers and headless environments, generate a new token with firebase login:ci
[debug] [2026-05-23T16:58:11.437Z] [iam] error while checking permissions, command may fail: Authentication Error: Your credentials are no longer valid. Please run firebase login --reauth

For CI servers and headless environments, generate a new token with firebase login:ci
[info] 
[info] === Deploying to 'foundation-os-53665'...
[info] 
[info] i  deploying storage, firestore 
[info] i  storage: ensuring required API firebasestorage.googleapis.com is enabled... 
[debug] [2026-05-23T16:58:11.441Z] Checked if tokens are valid: true, expires at: 1779559090433
[debug] [2026-05-23T16:58:11.441Z] Checked if tokens are valid: true, expires at: 1779559090433
[debug] [2026-05-23T16:58:11.441Z] >>> [apiv2][query] GET https://serviceusage.googleapis.com/v1/projects/foundation-os-53665/services/firebasestorage.googleapis.com [none]
[debug] [2026-05-23T16:58:11.441Z] >>> [apiv2][(partial)header] GET https://serviceusage.googleapis.com/v1/projects/foundation-os-53665/services/firebasestorage.googleapis.com x-goog-quota-user=projects/foundation-os-53665
[debug] [2026-05-23T16:58:11.528Z] <<< [apiv2][status] GET https://firebase-public.firebaseio.com/cli.json 200
[debug] [2026-05-23T16:58:11.529Z] <<< [apiv2][body] GET https://firebase-public.firebaseio.com/cli.json {"cloudBuildErrorAfter":1594252800000,"cloudBuildWarnAfter":1590019200000,"defaultNode10After":1594252800000,"minVersion":"3.0.5","node8DeploysDisabledAfter":1613390400000,"node8RuntimeDisabledAfter":1615809600000,"node8WarnAfter":1600128000000}
[warn] ⚠  Unable to fetch the CLI MOTD and remote config. This is not a fatal error, but may indicate an issue with your network connection. 
[debug] [2026-05-23T16:58:11.529Z] Failed to fetch MOTD Error: EPERM: operation not permitted, open '/Users/excellenceoyeniran/.config/configstore/firebase-tools.json.1051761068'
[debug] [2026-05-23T16:58:13.001Z] <<< [apiv2][status] GET https://serviceusage.googleapis.com/v1/projects/foundation-os-53665/services/firebasestorage.googleapis.com 200
[debug] [2026-05-23T16:58:13.001Z] <<< [apiv2][body] GET https://serviceusage.googleapis.com/v1/projects/foundation-os-53665/services/firebasestorage.googleapis.com [omitted]
[info] ✔  storage: required API firebasestorage.googleapis.com is enabled 
[debug] [2026-05-23T16:58:13.674Z] Error: EPERM: operation not permitted, open '/Users/excellenceoyeniran/.config/configstore/firebase-tools.json.805610018'
    at Object.openSync (node:fs:553:18)
    at writeFile.writeFileSync [as sync] (/opt/homebrew/lib/node_modules/firebase-tools/node_modules/write-file-atomic/index.js:205:13)
    at set all (/opt/homebrew/lib/node_modules/firebase-tools/node_modules/configstore/index.js:61:20)
    at Configstore.set (/opt/homebrew/lib/node_modules/firebase-tools/node_modules/configstore/index.js:91:12)
    at cacheEnabledAPI (/opt/homebrew/lib/node_modules/firebase-tools/lib/ensureApiEnabled.js:143:31)
    at check (/opt/homebrew/lib/node_modules/firebase-tools/lib/ensureApiEnabled.js:34:9)
    at process.processTicksAndRejections (node:internal/process/task_queues:105:5)
    at async ensure (/opt/homebrew/lib/node_modules/firebase-tools/lib/ensureApiEnabled.js:108:23)
    at async Object.getDefaultBucket (/opt/homebrew/lib/node_modules/firebase-tools/lib/gcp/storage.js:16:5)
    at async default_1 (/opt/homebrew/lib/node_modules/firebase-tools/lib/deploy/storage/prepare.js:30:31)
[error] 
[error] Error: An unexpected error has occurred.
[debug] [2026-05-23T16:58:13.942Z] Error: EPERM: operation not permitted, open '/Users/excellenceoyeniran/.config/configstore/firebase-tools.json.2707533949'
    at Object.openSync (node:fs:553:18)
    at writeFile.writeFileSync [as sync] (/opt/homebrew/lib/node_modules/firebase-tools/node_modules/write-file-atomic/index.js:205:13)
    at set all (/opt/homebrew/lib/node_modules/firebase-tools/node_modules/configstore/index.js:61:20)
    at Configstore.delete (/opt/homebrew/lib/node_modules/firebase-tools/node_modules/configstore/index.js:101:12)
    at process.<anonymous> (/opt/homebrew/lib/node_modules/firebase-tools/lib/bin/cli.js:65:45)
    at process.emit (node:events:519:35)
    at process.exit (node:internal/process/per_thread:236:15)
    at Timeout._onTimeout (/opt/homebrew/lib/node_modules/firebase-tools/lib/errorOut.js:20:17)
    at listOnTimeout (node:internal/timers:608:17)
    at process.processTimers (node:internal/timers:543:7)
[error] 
[error] Error: An unexpected error has occurred.
